📁 Directory dist does not exist, skipping cleanup
<DIR>/utils/math/abs.mjs                                                       chunk │ size:  0.08 kB
<DIR>/utils/filter/isArray.mjs                                                 chunk │ size:  0.10 kB
<DIR>/utils/convert/index.mjs                                                  chunk │ size:  0.10 kB
<DIR>/utils/filter/isFalsy.mjs                                                 chunk │ size:  0.11 kB
<DIR>/utils/filter/isNil.mjs                                                   chunk │ size:  0.11 kB
<DIR>/utils/filter/isTruthy.mjs                                                chunk │ size:  0.11 kB
<DIR>/utils/math/isEven.mjs                                                    chunk │ size:  0.11 kB
<DIR>/utils/filter/isInteger.mjs                                               chunk │ size:  0.11 kB
<DIR>/utils/filter/isNull.mjs                                                  chunk │ size:  0.11 kB
<DIR>/utils/filter/isMap.mjs                                                   chunk │ size:  0.11 kB
<DIR>/utils/filter/isSet.mjs                                                   chunk │ size:  0.11 kB
<DIR>/utils/filter/isNotNil.mjs                                                chunk │ size:  0.12 kB
<DIR>/utils/filter/isDate.mjs                                                  chunk │ size:  0.12 kB
<DIR>/utils/filter/isError.mjs                                                 chunk │ size:  0.12 kB
<DIR>/utils/filter/isRegex.mjs                                                 chunk │ size:  0.12 kB
<DIR>/utils/array/unique.mjs                                                   chunk │ size:  0.12 kB
<DIR>/utils/filter/isNumber.mjs                                                chunk │ size:  0.13 kB
<DIR>/utils/filter/isString.mjs                                                chunk │ size:  0.13 kB
<DIR>/utils/filter/isSymbol.mjs                                                chunk │ size:  0.13 kB
<DIR>/utils/filter/isUndefined.mjs                                             chunk │ size:  0.13 kB
<DIR>/utils/filter/isPromise.mjs                                               chunk │ size:  0.13 kB
<DIR>/utils/filter/isWeakMap.mjs                                               chunk │ size:  0.13 kB
<DIR>/utils/filter/isWeakSet.mjs                                               chunk │ size:  0.13 kB
<DIR>/utils/math/maxLite.mjs                                                   chunk │ size:  0.13 kB
<DIR>/utils/math/minLite.mjs                                                   chunk │ size:  0.13 kB
<DIR>/utils/hash/index.mjs                                                     chunk │ size:  0.13 kB
<DIR>/utils/filter/isBoolean.mjs                                               chunk │ size:  0.13 kB
<DIR>/utils/filter/isDataView.mjs                                              chunk │ size:  0.13 kB
<DIR>/utils/console/index.mjs                                                  chunk │ size:  0.14 kB
<DIR>/utils/object/getEmptyObject.mjs                                          chunk │ size:  0.14 kB
<DIR>/utils/filter/isFunction.mjs                                              chunk │ size:  0.14 kB
<DIR>/utils/math/inRange.mjs                                                   chunk │ size:  0.14 kB
<DIR>/utils/math/isOdd.mjs                                                     chunk │ size:  0.14 kB
<DIR>/utils/filter/isArrayBuffer.mjs                                           chunk │ size:  0.15 kB
<DIR>/utils/filter/isObject.mjs                                                chunk │ size:  0.15 kB
<DIR>/utils/object/getFirstKey.mjs                                             chunk │ size:  0.16 kB
<DIR>/utils/object/deleteDataProperty.mjs                                      chunk │ size:  0.16 kB
<DIR>/utils/filter/isPrimitiveObject.mjs                                       chunk │ size:  0.17 kB
<DIR>/utils/filter/isBlob.mjs                                                  chunk │ size:  0.17 kB
<DIR>/utils/filter/isTypedArray.mjs                                            chunk │ size:  0.17 kB
<DIR>/utils/object/countKey.mjs                                                chunk │ size:  0.17 kB
<DIR>/utils/filter/isBuffer.mjs                                                chunk │ size:  0.18 kB
<DIR>/utils/math/clamp.mjs                                                     chunk │ size:  0.18 kB
<DIR>/utils/object/isReservedName.mjs                                          chunk │ size:  0.19 kB
<DIR>/utils/object/removePrototype.mjs                                         chunk │ size:  0.19 kB
<DIR>/utils/filter/isEmptyArray.mjs                                            chunk │ size:  0.19 kB
<DIR>/utils/math/constant.mjs                                                  chunk │ size:  0.19 kB
<DIR>/utils/filter/isPrimitiveType.mjs                                         chunk │ size:  0.20 kB
<DIR>/utils/object/fingerprint/utils/isOmitted.mjs                             chunk │ size:  0.21 kB
<DIR>/utils/math/mean.mjs                                                      chunk │ size:  0.21 kB
<DIR>/utils/array/forEach.mjs                                                  chunk │ size:  0.21 kB
<DIR>/utils/math/sum.mjs                                                       chunk │ size:  0.21 kB
<DIR>/libs/hasOwnProperty.mjs                                                  chunk │ size:  0.21 kB
<DIR>/utils/filter/isValidRegexPattern.mjs                                     chunk │ size:  0.22 kB
<DIR>/utils/filter/isFile.mjs                                                  chunk │ size:  0.22 kB
<DIR>/constant/time.mjs                                                        chunk │ size:  0.23 kB
<DIR>/utils/array/forEachReverse.mjs                                           chunk │ size:  0.23 kB
<DIR>/utils/math/range.mjs                                                     chunk │ size:  0.24 kB
<DIR>/utils/promise/waitAndExecute.mjs                                         chunk │ size:  0.24 kB
<DIR>/utils/array/map.mjs                                                      chunk │ size:  0.25 kB
<DIR>/utils/function/index.mjs                                                 chunk │ size:  0.25 kB
<DIR>/utils/filter/isSharedArrayBuffer.mjs                                     chunk │ size:  0.26 kB
<DIR>/utils/object/equals/utils/countRetainedKeys.mjs                          chunk │ size:  0.26 kB
<DIR>/utils/filter/isArrayLike.mjs                                             chunk │ size:  0.27 kB
<DIR>/utils/array/filter.mjs                                                   chunk │ size:  0.27 kB
<DIR>/utils/math/min.mjs                                                       chunk │ size:  0.28 kB
<DIR>/utils/math/max.mjs                                                       chunk │ size:  0.28 kB
<DIR>/libs/counterFactory.mjs                                                  chunk │ size:  0.29 kB
<DIR>/utils/object/countObjectKey.mjs                                          chunk │ size:  0.29 kB
<DIR>/libs/getTypeTag.mjs                                                      chunk │ size:  0.30 kB
<DIR>/utils/array/differenceLite.mjs                                           chunk │ size:  0.31 kB
<DIR>/utils/promise/index.mjs                                                  chunk │ size:  0.31 kB
<DIR>/utils/array/intersectionLite.mjs                                         chunk │ size:  0.31 kB
<DIR>/utils/array/primitiveArrayEqual.mjs                                      chunk │ size:  0.32 kB
<DIR>/utils/array/difference.mjs                                               chunk │ size:  0.32 kB
<DIR>/libs/random.mjs                                                          chunk │ size:  0.33 kB
<DIR>/utils/array/intersection.mjs                                             chunk │ size:  0.33 kB
<DIR>/utils/promise/timeout.mjs                                                chunk │ size:  0.33 kB
<DIR>/utils/object/shallowClone.mjs                                            chunk │ size:  0.33 kB
<DIR>/utils/array/uniqueBy.mjs                                                 chunk │ size:  0.33 kB
<DIR>/utils/object/fingerprint/createFingerprint.mjs                           chunk │ size:  0.34 kB
<DIR>/utils/object/getDataProperty.mjs                                         chunk │ size:  0.34 kB
<DIR>/utils/object/transformValues.mjs                                         chunk │ size:  0.34 kB
<DIR>/utils/hash/polynomialHash.mjs                                            chunk │ size:  0.34 kB
<DIR>/utils/math/isPrime.mjs                                                   chunk │ size:  0.34 kB
<DIR>/utils/math/median.mjs                                                    chunk │ size:  0.35 kB
<DIR>/errors/AbortError.mjs                                                    chunk │ size:  0.35 kB
<DIR>/utils/array/groupBy.mjs                                                  chunk │ size:  0.35 kB
<DIR>/utils/filter/isEmptyObject.mjs                                           chunk │ size:  0.35 kB
<DIR>/utils/filter/isArrayIndex.mjs                                            chunk │ size:  0.35 kB
<DIR>/utils/object/fingerprint/createSortedFingerprint.mjs                     chunk │ size:  0.36 kB
<DIR>/utils/object/setDataProperty.mjs                                         chunk │ size:  0.36 kB
<DIR>/utils/scheduler/scheduleMicrotask.mjs                                    chunk │ size:  0.36 kB
<DIR>/errors/TimeoutError.mjs                                                  chunk │ size:  0.37 kB
<DIR>/utils/object/transformKeys.mjs                                           chunk │ size:  0.37 kB
<DIR>/errors/index.mjs                                                         chunk │ size:  0.37 kB
<DIR>/utils/object/fingerprint/createSafeFingerprint.mjs                       chunk │ size:  0.37 kB
<DIR>/utils/math/permutation.mjs                                               chunk │ size:  0.38 kB
<DIR>/utils/filter/isEmptyPlainObject.mjs                                      chunk │ size:  0.38 kB
<DIR>/libs/cacheWeakMapFactory.mjs                                             chunk │ size:  0.39 kB
<DIR>/utils/array/intersectionWith.mjs                                         chunk │ size:  0.39 kB
<DIR>/errors/InvalidTypeError.mjs                                              chunk │ size:  0.40 kB
<DIR>/utils/filter/isPlainObject.mjs                                           chunk │ size:  0.40 kB
<DIR>/utils/promise/waitAndReturn.mjs                                          chunk │ size:  0.41 kB
<DIR>/utils/object/getSymbols.mjs                                              chunk │ size:  0.41 kB
<DIR>/utils/math/digitSum.mjs                                                  chunk │ size:  0.42 kB
<DIR>/utils/object/serialization/parseGraph/restoration/restoreToken.mjs       chunk │ size:  0.42 kB
<DIR>/utils/array/forEachDual.mjs                                              chunk │ size:  0.42 kB
<DIR>/utils/array/uniqueWith.mjs                                               chunk │ size:  0.44 kB
<DIR>/errors/utils/isSerializableError.mjs                                     chunk │ size:  0.44 kB
<DIR>/utils/array/differenceWith.mjs                                           chunk │ size:  0.45 kB
<DIR>/constant/function.mjs                                                    chunk │ size:  0.45 kB
<DIR>/utils/array/chunk.mjs                                                    chunk │ size:  0.45 kB
<DIR>/utils/math/combination.mjs                                               chunk │ size:  0.46 kB
<DIR>/utils/array/intersectionBy.mjs                                           chunk │ size:  0.46 kB
<DIR>/utils/object/serialization/stringifyGraph/stringifyGraph.mjs             chunk │ size:  0.47 kB
<DIR>/constant/unit.mjs                                                        chunk │ size:  0.47 kB
<DIR>/utils/array/differenceBy.mjs                                             chunk │ size:  0.48 kB
<DIR>/libs/getKeys.mjs                                                         chunk │ size:  0.49 kB
<DIR>/utils/object/serialization/parseGraph/restoration/allocateNode.mjs       chunk │ size:  0.49 kB
<DIR>/utils/math/utils/countDecimals.mjs                                       chunk │ size:  0.49 kB
<DIR>/utils/object/getObjectKeys.mjs                                           chunk │ size:  0.50 kB
<DIR>/utils/math/factorial.mjs                                                 chunk │ size:  0.50 kB
<DIR>/utils/math/isClose.mjs                                                   chunk │ size:  0.51 kB
<DIR>/utils/scheduler/MessageChannelScheduler/error.mjs                        chunk │ size:  0.52 kB
<DIR>/utils/math/round.mjs                                                     chunk │ size:  0.53 kB
<DIR>/utils/array/at.mjs                                                       chunk │ size:  0.55 kB
<DIR>/libs/cacheMapFactory.mjs                                                 chunk │ size:  0.55 kB
<DIR>/utils/object/serialization/utils/encodeGraph/utils/getGraphKind.mjs      chunk │ size:  0.55 kB
<DIR>/utils/math/fibonacci.mjs                                                 chunk │ size:  0.55 kB
<DIR>/utils/scheduler/scheduleNextTick.mjs                                     chunk │ size:  0.56 kB
<DIR>/libs/index.mjs                                                           chunk │ size:  0.56 kB
<DIR>/utils/console/printError.mjs                                             chunk │ size:  0.57 kB
<DIR>/utils/promise/withTimeout.mjs                                            chunk │ size:  0.57 kB
<DIR>/utils/console/printWarning.mjs                                           chunk │ size:  0.58 kB
<DIR>/utils/filter/isEmpty.mjs                                                 chunk │ size:  0.58 kB
<DIR>/utils/math/toBase.mjs                                                    chunk │ size:  0.64 kB
<DIR>/utils/promise/delay.mjs                                                  chunk │ size:  0.65 kB
<DIR>/utils/object/serialization/utils/checkTextLimit/checkTextLimit.mjs       chunk │ size:  0.65 kB
<DIR>/errors/BaseError.mjs                                                     chunk │ size:  0.66 kB
<DIR>/utils/object/serialization/utils/encodeGraph/encodeGraph.mjs             chunk │ size:  0.67 kB
<DIR>/utils/convert/convertMsFromDuration.mjs                                  chunk │ size:  0.67 kB
<DIR>/utils/math/lcm.mjs                                                       chunk │ size:  0.70 kB
<DIR>/utils/object/serialization/parseGraph/parseGraph.mjs                     chunk │ size:  0.72 kB
<DIR>/utils/object/removeUndefined.mjs                                         chunk │ size:  0.74 kB
<DIR>/utils/object/fingerprint/utils/writeFastFingerprint.mjs                  chunk │ size:  0.76 kB
<DIR>/utils/object/serialization/parseGraph/restoration/fillNode.mjs           chunk │ size:  0.76 kB
<DIR>/utils/object/hasUndefined.mjs                                            chunk │ size:  0.79 kB
<DIR>/utils/math/fromBase.mjs                                                  chunk │ size:  0.80 kB
<DIR>/utils/object/serialization/parseGraph/validation/validateCollection.mjs  chunk │ size:  0.83 kB
<DIR>/utils/object/serialization/parseGraph/validation/validateEntries.mjs     chunk │ size:  0.83 kB
<DIR>/utils/function/rateLimit/debounce.mjs                                    chunk │ size:  0.84 kB
<DIR>/utils/object/merge.mjs                                                   chunk │ size:  0.85 kB
<DIR>/utils/object/sortObjectKeys.mjs                                          chunk │ size:  0.88 kB
<DIR>/errors/utils/unwrapBoxedPrimitive.mjs                                    chunk │ size:  0.90 kB
<DIR>/utils/object/serialization/utils/encodeGraph/utils/readProperties.mjs    chunk │ size:  0.91 kB
<DIR>/utils/scheduler/MessageChannelScheduler/handler.mjs                      chunk │ size:  0.92 kB
<DIR>/utils/function/rateLimit/throttle.mjs                                    chunk │ size:  0.94 kB
<DIR>/utils/scheduler/scheduleMacrotask.mjs                                    chunk │ size:  0.95 kB
<DIR>/utils/object/serialization/parseGraph/validation/validateToken.mjs       chunk │ size:  0.95 kB
<DIR>/utils/scheduler/scheduleMacrotaskSafe.mjs                                chunk │ size:  0.98 kB
<DIR>/utils/scheduler/index.mjs                                                chunk │ size:  0.98 kB
<DIR>/utils/filter/isCloneable.mjs                                             chunk │ size:  1.00 kB
<DIR>/utils/object/equals/utils/equalsBuiltin.mjs                              chunk │ size:  1.00 kB
<DIR>/utils/object/cloneLite.mjs                                               chunk │ size:  1.07 kB
<DIR>/utils/object/fingerprint/utils/writeSortedFingerprint.mjs                chunk │ size:  1.07 kB
<DIR>/utils/math/gcd.mjs                                                       chunk │ size:  1.14 kB
<DIR>/utils/math/index.mjs                                                     chunk │ size:  1.19 kB
<DIR>/utils/function/rateLimit/helpers/FunctionContext.mjs                     chunk │ size:  1.19 kB
<DIR>/utils/object/serialization/utils/encodeGraph/utils/toToken.mjs           chunk │ size:  1.24 kB
<DIR>/utils/array/index.mjs                                                    chunk │ size:  1.35 kB
<DIR>/constant/index.mjs                                                       chunk │ size:  1.43 kB
<DIR>/utils/array/orderedMerge.mjs                                             chunk │ size:  1.70 kB
<DIR>/constant/typeTag.mjs                                                     chunk │ size:  1.71 kB
<DIR>/utils/function/enhance/getTrackableHandler/getTrackableHandler.mjs       chunk │ size:  1.75 kB
<DIR>/errors/utils/serializeErrorValue.mjs                                     chunk │ size:  1.85 kB
<DIR>/utils/object/fingerprint/createFingerprintFactory.mjs                    chunk │ size:  2.03 kB
<DIR>/utils/object/equals/equals.mjs                                           chunk │ size:  2.05 kB
<DIR>/utils/object/index.mjs                                                   chunk │ size:  2.06 kB
<DIR>/utils/array/sortWithReference.mjs                                        chunk │ size:  2.19 kB
<DIR>/utils/object/fingerprint/utils/createSafeWriter.mjs                      chunk │ size:  2.20 kB
<DIR>/utils/object/serialization/utils/encodeGraph/utils/encodeNode.mjs        chunk │ size:  2.21 kB
<DIR>/utils/filter/index.mjs                                                   chunk │ size:  2.34 kB
<DIR>/utils/object/serialization/parseGraph/validation/validateGraph.mjs       chunk │ size:  2.43 kB
<DIR>/utils/object/equals/stableEquals.mjs                                     chunk │ size:  3.50 kB
<DIR>/utils/scheduler/MessageChannelScheduler/MessageChannelScheduler.mjs      chunk │ size:  3.64 kB
<DIR>/utils/object/clone.mjs                                                   chunk │ size:  4.63 kB
<DIR>/utils/hash/murmur3.mjs                                                   chunk │ size: 11.34 kB
<DIR>/index.mjs                                                                chunk │ size: 12.89 kB
<DIR>/utils/math/abs.cjs                                                       chunk │ size:  0.10 kB
<DIR>/utils/filter/isArray.cjs                                                 chunk │ size:  0.13 kB
<DIR>/utils/filter/isNil.cjs                                                   chunk │ size:  0.13 kB
<DIR>/utils/filter/isFalsy.cjs                                                 chunk │ size:  0.13 kB
<DIR>/utils/math/isEven.cjs                                                    chunk │ size:  0.13 kB
<DIR>/utils/filter/isNull.cjs                                                  chunk │ size:  0.13 kB
<DIR>/utils/filter/isTruthy.cjs                                                chunk │ size:  0.13 kB
<DIR>/utils/filter/isMap.cjs                                                   chunk │ size:  0.14 kB
<DIR>/utils/filter/isSet.cjs                                                   chunk │ size:  0.14 kB
<DIR>/utils/filter/isInteger.cjs                                               chunk │ size:  0.14 kB
<DIR>/utils/filter/isDate.cjs                                                  chunk │ size:  0.14 kB
<DIR>/utils/filter/isNotNil.cjs                                                chunk │ size:  0.14 kB
<DIR>/utils/filter/isError.cjs                                                 chunk │ size:  0.15 kB
<DIR>/utils/array/unique.cjs                                                   chunk │ size:  0.15 kB
<DIR>/utils/filter/isRegex.cjs                                                 chunk │ size:  0.15 kB
<DIR>/utils/filter/isNumber.cjs                                                chunk │ size:  0.15 kB
<DIR>/utils/filter/isString.cjs                                                chunk │ size:  0.15 kB
<DIR>/utils/filter/isSymbol.cjs                                                chunk │ size:  0.15 kB
<DIR>/utils/math/maxLite.cjs                                                   chunk │ size:  0.15 kB
<DIR>/utils/math/minLite.cjs                                                   chunk │ size:  0.15 kB
<DIR>/utils/filter/isPromise.cjs                                               chunk │ size:  0.16 kB
<DIR>/utils/filter/isUndefined.cjs                                             chunk │ size:  0.16 kB
<DIR>/utils/filter/isWeakMap.cjs                                               chunk │ size:  0.16 kB
<DIR>/utils/filter/isWeakSet.cjs                                               chunk │ size:  0.16 kB
<DIR>/utils/filter/isBoolean.cjs                                               chunk │ size:  0.16 kB
<DIR>/utils/math/inRange.cjs                                                   chunk │ size:  0.16 kB
<DIR>/utils/math/isOdd.cjs                                                     chunk │ size:  0.16 kB
<DIR>/utils/filter/isDataView.cjs                                              chunk │ size:  0.16 kB
<DIR>/utils/filter/isFunction.cjs                                              chunk │ size:  0.16 kB
<DIR>/utils/object/getEmptyObject.cjs                                          chunk │ size:  0.17 kB
<DIR>/utils/filter/isObject.cjs                                                chunk │ size:  0.17 kB
<DIR>/utils/filter/isArrayBuffer.cjs                                           chunk │ size:  0.18 kB
<DIR>/utils/convert/index.cjs                                                  chunk │ size:  0.18 kB
<DIR>/utils/object/getFirstKey.cjs                                             chunk │ size:  0.18 kB
<DIR>/utils/filter/isBlob.cjs                                                  chunk │ size:  0.19 kB
<DIR>/utils/object/deleteDataProperty.cjs                                      chunk │ size:  0.19 kB
<DIR>/utils/object/countKey.cjs                                                chunk │ size:  0.20 kB
<DIR>/utils/filter/isPrimitiveObject.cjs                                       chunk │ size:  0.20 kB
<DIR>/utils/filter/isTypedArray.cjs                                            chunk │ size:  0.20 kB
<DIR>/utils/math/clamp.cjs                                                     chunk │ size:  0.20 kB
<DIR>/utils/filter/isBuffer.cjs                                                chunk │ size:  0.20 kB
<DIR>/utils/object/isReservedName.cjs                                          chunk │ size:  0.22 kB
<DIR>/utils/object/removePrototype.cjs                                         chunk │ size:  0.22 kB
<DIR>/utils/filter/isPrimitiveType.cjs                                         chunk │ size:  0.23 kB
<DIR>/utils/math/sum.cjs                                                       chunk │ size:  0.23 kB
<DIR>/utils/object/fingerprint/utils/isOmitted.cjs                             chunk │ size:  0.23 kB
<DIR>/utils/array/forEach.cjs                                                  chunk │ size:  0.23 kB
<DIR>/utils/hash/index.cjs                                                     chunk │ size:  0.24 kB
<DIR>/utils/console/index.cjs                                                  chunk │ size:  0.24 kB
<DIR>/libs/hasOwnProperty.cjs                                                  chunk │ size:  0.24 kB
<DIR>/utils/filter/isEmptyArray.cjs                                            chunk │ size:  0.25 kB
<DIR>/utils/math/mean.cjs                                                      chunk │ size:  0.25 kB
<DIR>/utils/filter/isValidRegexPattern.cjs                                     chunk │ size:  0.25 kB
<DIR>/utils/math/constant.cjs                                                  chunk │ size:  0.25 kB
<DIR>/utils/array/forEachReverse.cjs                                           chunk │ size:  0.26 kB
<DIR>/utils/array/map.cjs                                                      chunk │ size:  0.27 kB
<DIR>/utils/filter/isFile.cjs                                                  chunk │ size:  0.27 kB
<DIR>/utils/array/filter.cjs                                                   chunk │ size:  0.29 kB
<DIR>/utils/filter/isArrayLike.cjs                                             chunk │ size:  0.29 kB
<DIR>/utils/filter/isSharedArrayBuffer.cjs                                     chunk │ size:  0.29 kB
<DIR>/utils/promise/waitAndExecute.cjs                                         chunk │ size:  0.29 kB
<DIR>/utils/math/min.cjs                                                       chunk │ size:  0.30 kB
<DIR>/utils/math/max.cjs                                                       chunk │ size:  0.30 kB
<DIR>/utils/object/equals/utils/countRetainedKeys.cjs                          chunk │ size:  0.30 kB
<DIR>/utils/math/range.cjs                                                     chunk │ size:  0.30 kB
<DIR>/libs/counterFactory.cjs                                                  chunk │ size:  0.32 kB
<DIR>/constant/time.cjs                                                        chunk │ size:  0.32 kB
<DIR>/utils/array/differenceLite.cjs                                           chunk │ size:  0.34 kB
<DIR>/utils/array/intersectionLite.cjs                                         chunk │ size:  0.34 kB
<DIR>/utils/array/difference.cjs                                               chunk │ size:  0.35 kB
<DIR>/utils/array/primitiveArrayEqual.cjs                                      chunk │ size:  0.35 kB
<DIR>/utils/object/countObjectKey.cjs                                          chunk │ size:  0.35 kB
<DIR>/libs/getTypeTag.cjs                                                      chunk │ size:  0.35 kB
<DIR>/utils/array/intersection.cjs                                             chunk │ size:  0.35 kB
<DIR>/utils/array/uniqueBy.cjs                                                 chunk │ size:  0.36 kB
<DIR>/utils/math/isPrime.cjs                                                   chunk │ size:  0.37 kB
<DIR>/utils/math/median.cjs                                                    chunk │ size:  0.37 kB
<DIR>/utils/object/transformValues.cjs                                         chunk │ size:  0.37 kB
<DIR>/utils/array/groupBy.cjs                                                  chunk │ size:  0.37 kB
<DIR>/utils/hash/polynomialHash.cjs                                            chunk │ size:  0.37 kB
<DIR>/utils/filter/isArrayIndex.cjs                                            chunk │ size:  0.38 kB
<DIR>/utils/object/transformKeys.cjs                                           chunk │ size:  0.40 kB
<DIR>/utils/scheduler/scheduleMicrotask.cjs                                    chunk │ size:  0.40 kB
<DIR>/utils/promise/timeout.cjs                                                chunk │ size:  0.40 kB
<DIR>/utils/object/fingerprint/createFingerprint.cjs                           chunk │ size:  0.41 kB
<DIR>/utils/math/permutation.cjs                                               chunk │ size:  0.41 kB
<DIR>/libs/random.cjs                                                          chunk │ size:  0.41 kB
<DIR>/utils/function/index.cjs                                                 chunk │ size:  0.41 kB
<DIR>/utils/filter/isEmptyObject.cjs                                           chunk │ size:  0.41 kB
<DIR>/utils/object/shallowClone.cjs                                            chunk │ size:  0.42 kB
<DIR>/libs/cacheWeakMapFactory.cjs                                             chunk │ size:  0.42 kB
<DIR>/utils/object/setDataProperty.cjs                                         chunk │ size:  0.42 kB
<DIR>/errors/AbortError.cjs                                                    chunk │ size:  0.43 kB
<DIR>/utils/array/intersectionWith.cjs                                         chunk │ size:  0.43 kB
<DIR>/utils/filter/isPlainObject.cjs                                           chunk │ size:  0.43 kB
<DIR>/utils/object/getDataProperty.cjs                                         chunk │ size:  0.43 kB
<DIR>/utils/object/getSymbols.cjs                                              chunk │ size:  0.44 kB
<DIR>/utils/object/fingerprint/createSortedFingerprint.cjs                     chunk │ size:  0.44 kB
<DIR>/utils/object/fingerprint/createSafeFingerprint.cjs                       chunk │ size:  0.44 kB
<DIR>/errors/TimeoutError.cjs                                                  chunk │ size:  0.45 kB
<DIR>/utils/object/serialization/parseGraph/restoration/restoreToken.cjs       chunk │ size:  0.45 kB
<DIR>/utils/array/forEachDual.cjs                                              chunk │ size:  0.45 kB
<DIR>/utils/math/digitSum.cjs                                                  chunk │ size:  0.46 kB
<DIR>/utils/promise/waitAndReturn.cjs                                          chunk │ size:  0.46 kB
<DIR>/utils/array/uniqueWith.cjs                                               chunk │ size:  0.46 kB
<DIR>/utils/array/differenceWith.cjs                                           chunk │ size:  0.48 kB
<DIR>/utils/filter/isEmptyPlainObject.cjs                                      chunk │ size:  0.48 kB
<DIR>/utils/math/combination.cjs                                               chunk │ size:  0.48 kB
<DIR>/errors/InvalidTypeError.cjs                                              chunk │ size:  0.49 kB
<DIR>/utils/array/intersectionBy.cjs                                           chunk │ size:  0.49 kB
<DIR>/utils/array/chunk.cjs                                                    chunk │ size:  0.50 kB
<DIR>/utils/array/differenceBy.cjs                                             chunk │ size:  0.51 kB
<DIR>/utils/object/serialization/parseGraph/restoration/allocateNode.cjs       chunk │ size:  0.52 kB
<DIR>/utils/math/factorial.cjs                                                 chunk │ size:  0.53 kB
<DIR>/utils/object/getObjectKeys.cjs                                           chunk │ size:  0.53 kB
<DIR>/errors/utils/isSerializableError.cjs                                     chunk │ size:  0.53 kB
<DIR>/utils/math/isClose.cjs                                                   chunk │ size:  0.53 kB
<DIR>/libs/getKeys.cjs                                                         chunk │ size:  0.54 kB
<DIR>/utils/math/utils/countDecimals.cjs                                       chunk │ size:  0.55 kB
<DIR>/utils/math/round.cjs                                                     chunk │ size:  0.55 kB
<DIR>/utils/promise/index.cjs                                                  chunk │ size:  0.56 kB
<DIR>/utils/object/serialization/stringifyGraph/stringifyGraph.cjs             chunk │ size:  0.56 kB
<DIR>/utils/array/at.cjs                                                       chunk │ size:  0.56 kB
<DIR>/utils/math/fibonacci.cjs                                                 chunk │ size:  0.58 kB
<DIR>/utils/object/serialization/utils/encodeGraph/utils/getGraphKind.cjs      chunk │ size:  0.58 kB
<DIR>/libs/cacheMapFactory.cjs                                                 chunk │ size:  0.58 kB
<DIR>/utils/scheduler/scheduleNextTick.cjs                                     chunk │ size:  0.59 kB
<DIR>/constant/function.cjs                                                    chunk │ size:  0.60 kB
<DIR>/utils/promise/withTimeout.cjs                                            chunk │ size:  0.63 kB
<DIR>/utils/console/printError.cjs                                             chunk │ size:  0.63 kB
<DIR>/utils/scheduler/MessageChannelScheduler/error.cjs                        chunk │ size:  0.63 kB
<DIR>/utils/console/printWarning.cjs                                           chunk │ size:  0.64 kB
<DIR>/constant/unit.cjs                                                        chunk │ size:  0.67 kB
<DIR>/errors/index.cjs                                                         chunk │ size:  0.67 kB
<DIR>/utils/math/toBase.cjs                                                    chunk │ size:  0.68 kB
<DIR>/utils/object/serialization/utils/checkTextLimit/checkTextLimit.cjs       chunk │ size:  0.68 kB
<DIR>/utils/filter/isEmpty.cjs                                                 chunk │ size:  0.70 kB
<DIR>/utils/promise/delay.cjs                                                  chunk │ size:  0.71 kB
<DIR>/errors/BaseError.cjs                                                     chunk │ size:  0.72 kB
<DIR>/utils/convert/convertMsFromDuration.cjs                                  chunk │ size:  0.74 kB
<DIR>/utils/object/serialization/utils/encodeGraph/encodeGraph.cjs             chunk │ size:  0.74 kB
<DIR>/utils/object/fingerprint/utils/writeFastFingerprint.cjs                  chunk │ size:  0.82 kB
<DIR>/utils/object/removeUndefined.cjs                                         chunk │ size:  0.83 kB
<DIR>/utils/math/fromBase.cjs                                                  chunk │ size:  0.84 kB
<DIR>/utils/object/hasUndefined.cjs                                            chunk │ size:  0.84 kB
<DIR>/utils/math/lcm.cjs                                                       chunk │ size:  0.85 kB
<DIR>/utils/function/rateLimit/debounce.cjs                                    chunk │ size:  0.89 kB
<DIR>/utils/object/serialization/parseGraph/parseGraph.cjs                     chunk │ size:  0.89 kB
<DIR>/utils/object/serialization/parseGraph/validation/validateEntries.cjs     chunk │ size:  0.89 kB
<DIR>/utils/object/serialization/parseGraph/restoration/fillNode.cjs           chunk │ size:  0.90 kB
<DIR>/utils/object/serialization/parseGraph/validation/validateCollection.cjs  chunk │ size:  0.92 kB
<DIR>/utils/object/sortObjectKeys.cjs                                          chunk │ size:  0.96 kB
<DIR>/utils/object/merge.cjs                                                   chunk │ size:  0.96 kB
<DIR>/utils/object/serialization/utils/encodeGraph/utils/readProperties.cjs    chunk │ size:  0.97 kB
<DIR>/utils/object/serialization/parseGraph/validation/validateToken.cjs       chunk │ size:  0.98 kB
<DIR>/libs/index.cjs                                                           chunk │ size:  0.98 kB
<DIR>/errors/utils/unwrapBoxedPrimitive.cjs                                    chunk │ size:  0.99 kB
<DIR>/utils/function/rateLimit/throttle.cjs                                    chunk │ size:  1.00 kB
<DIR>/utils/scheduler/scheduleMacrotask.cjs                                    chunk │ size:  1.07 kB
<DIR>/utils/object/equals/utils/equalsBuiltin.cjs                              chunk │ size:  1.07 kB
<DIR>/utils/scheduler/MessageChannelScheduler/handler.cjs                      chunk │ size:  1.07 kB
<DIR>/utils/scheduler/scheduleMacrotaskSafe.cjs                                chunk │ size:  1.09 kB
<DIR>/utils/filter/isCloneable.cjs                                             chunk │ size:  1.09 kB
<DIR>/utils/object/fingerprint/utils/writeSortedFingerprint.cjs                chunk │ size:  1.14 kB
<DIR>/utils/object/cloneLite.cjs                                               chunk │ size:  1.18 kB
<DIR>/utils/function/rateLimit/helpers/FunctionContext.cjs                     chunk │ size:  1.22 kB
<DIR>/utils/object/serialization/utils/encodeGraph/utils/toToken.cjs           chunk │ size:  1.29 kB
<DIR>/utils/math/gcd.cjs                                                       chunk │ size:  1.30 kB
<DIR>/utils/scheduler/index.cjs                                                chunk │ size:  1.62 kB
<DIR>/utils/array/orderedMerge.cjs                                             chunk │ size:  1.72 kB
<DIR>/utils/function/enhance/getTrackableHandler/getTrackableHandler.cjs       chunk │ size:  1.79 kB
<DIR>/errors/utils/serializeErrorValue.cjs                                     chunk │ size:  1.96 kB
<DIR>/utils/object/fingerprint/createFingerprintFactory.cjs                    chunk │ size:  2.18 kB
<DIR>/utils/math/index.cjs                                                     chunk │ size:  2.22 kB
<DIR>/utils/array/sortWithReference.cjs                                        chunk │ size:  2.23 kB
<DIR>/utils/object/equals/equals.cjs                                           chunk │ size:  2.27 kB
<DIR>/utils/object/fingerprint/utils/createSafeWriter.cjs                      chunk │ size:  2.28 kB
<DIR>/constant/typeTag.cjs                                                     chunk │ size:  2.40 kB
<DIR>/utils/object/serialization/utils/encodeGraph/utils/encodeNode.cjs        chunk │ size:  2.41 kB
<DIR>/utils/array/index.cjs                                                    chunk │ size:  2.47 kB
<DIR>/utils/object/serialization/parseGraph/validation/validateGraph.cjs       chunk │ size:  2.62 kB
<DIR>/constant/index.cjs                                                       chunk │ size:  2.73 kB
<DIR>/utils/object/index.cjs                                                   chunk │ size:  3.63 kB
<DIR>/utils/scheduler/MessageChannelScheduler/MessageChannelScheduler.cjs      chunk │ size:  3.72 kB
<DIR>/utils/object/equals/stableEquals.cjs                                     chunk │ size:  3.74 kB
<DIR>/utils/filter/index.cjs                                                   chunk │ size:  4.29 kB
<DIR>/utils/object/clone.cjs                                                   chunk │ size:  4.94 kB
<DIR>/utils/hash/murmur3.cjs                                                   chunk │ size: 11.37 kB
<DIR>/index.cjs                                                                chunk │ size: 21.86 kB

✔ rolldown v1.2.0 Finished in 83.27 ms
