Benchmarking is an experimental feature.
Breaking changes might not follow SemVer, please pin Vitest's version when using it.

 RUN  v3.2.6 /Users/Vincent/Workspace/albatrion/packages/winglet/common-utils

stdout | unknown test
{"baseline":"85fa44d49d2f4491b0d4e3f1024c5c80fbb0a558","previous":"b4083009a207ce028c315c2e77de8353a189663e","repetition":2,"seed":1369956356,"batchSize":128,"fixtures":["nested-settings-arrays","medium-32-keys","small-2-keys","array-200-elements"],"order":"before-after","sourceHashes":{"baseline":{"src/utils/object/merge.ts":"d90add12f32a3ea173b7af884a1b3f965abafd6e80c50464d4cc88b713f64e73","src/utils/filter/isArray.ts":"fd3182a7534c6c7ab6ce0676c4c08af6b24e852b60b48f534b73bc13e1ff73cf","src/utils/filter/isPlainObject.ts":"a3b9046befbbbd0fbd9a88c42a1abb9deb0f49d2c80c2d2b7aa82ea156f9d4f7"},"candidate":{"src/utils/object/merge/merge.ts":"9b16d38e6fd71a9087d1ccb116a55810c23c2d296b7472a77a407e34f18972ff","src/utils/object/merge/utils/mergeDefault.ts":"75855ca5abe245df2f425e75253304291ef47a71797919f28eb7a2378ea8d02c","src/utils/filter/index.ts":"d2726c31d3dd8a3ebc65bce7a9e5cbc3e1bac86d31f8f8cc83cf588edb14b75d","src/utils/filter/isArray.ts":"fd3182a7534c6c7ab6ce0676c4c08af6b24e852b60b48f534b73bc13e1ff73cf","src/utils/filter/isArrayBuffer.ts":"00404b7efd06fd17fa79fe87f9a2483801b33e7c6af75818f5448ef68b70030f","src/utils/filter/isArrayIndex.ts":"a47ca00709af8e15a3c098e37bae0f90e1e11195589540c523f1a3dd371b731f","src/utils/filter/isArrayLike.ts":"8807b402763b96f3682f2b830ba5b1c9f813261d802588f4b14e086211e2c74d","src/utils/filter/isBlob.ts":"d201e5055d02bfda2b934044a52e64ea35754c425142d8a301fac486ac8853d3","src/utils/filter/isBoolean.ts":"daaa0a5552445707ff0c84e46b537de263d4b7b9a4ab87d2aa13985e69241fa5","src/utils/filter/isBuffer.ts":"de1bd50ce0f95bdf4c4a27e7abecd38702660a91c0f761fca48e20452b06885e","src/utils/filter/isCloneable.ts":"ff04b6a5e4d826bcfafdd4d44d626b42291bc76a2825ff18fd533f84fadd6c07","src/constant/typeTag.ts":"b46af08e19c9405dfe7663adc44ff4024d890b123170b9604473719e79e9c824","src/libs/getTypeTag.ts":"6e923279cc98637e8bb761080a5fa674b8a73a244668bab41386ca7279098dd2","src/utils/filter/isDataView.ts":"cf406a7761652c836ee05913c207c0f8c4a25165c730ec657e4af25300006215","src/utils/filter/isDate.ts":"4777bf22a304e42a8bbcb3e11c8249d3653bebba6504e7f2b67746c4f2e0e65e","src/utils/filter/isEmpty.ts":"a9fc0f25f6e3854393800fa9ea30d0b4fda2b9ff5d959d499c09ab77420cea0f","src/libs/hasOwnProperty.ts":"f3dc228f0e40cbd13259f5046c6d59689b4dccbe4447bebe729076a1cee26880","src/utils/filter/isFalsy.ts":"5a72428bee6db0fe7d46fd738eba58b73edc2803b0aaf30c3cca9860460a3484","src/utils/filter/isMap.ts":"6e5f47deb65ba38fbecb62dab20b1ea0a12cedca9a89e283ed89346a1cb1a570","src/utils/filter/isSet.ts":"398dc1b20e0872d6fd1064ffc01bc69596d558ab723b71824870d7aa8f39054d","src/utils/filter/isEmptyArray.ts":"c3c4be6fede32bb3b10a0ffe8d2525abe273a64a9b4e92d21322ca59b3ba3382","src/utils/filter/isEmptyObject.ts":"b55bc556b1d2b6181c6e286b1699d840fed6cda9a415a6e3954d0d0e86e598cb","src/utils/filter/isEmptyPlainObject.ts":"aa842f63cfd37cf3ee838b0f744b9e6ff92502910c2a2782c1a99b8d5da34a82","src/utils/filter/isPlainObject.ts":"a3b9046befbbbd0fbd9a88c42a1abb9deb0f49d2c80c2d2b7aa82ea156f9d4f7","src/utils/filter/isError.ts":"94e9fd3c3c142f6d15058a3f4e2689294bed4da350caa596c82e9095ca4928f5","src/utils/filter/isFile.ts":"974a0cc3a1ab2df55cfa160e96710ca5a12d7c7d5deec38da31448e08fdc22fe","src/utils/filter/isFunction.ts":"2e7fe36111b659e0ee63d24241c4fc355d20f0b3343efc60017cf76d150bf899","src/utils/filter/isInteger.ts":"6c16e692b22b3d2b3619d7d2e99fd73123b0ac6de6d9e9fcd9f290ff5090cd9f","src/utils/filter/isNil.ts":"b3cc756169d4d1e2001d388702dd8d8cd34aae02377fc98a9ddf698464907c24","src/utils/filter/isNotNil.ts":"424442b3113305a9b2ce3240d354edc6d3c02dff8c88b091383fb89945d2a150","src/utils/filter/isNull.ts":"7daa1abead8fb7c56a13924a789061c24959b1344d2b1e1f398931951c411718","src/utils/filter/isNumber.ts":"5b5f26ebad6a30698a7d11539c6ad37fe5b4d8c1ed71442df002e9eaff126d5d","src/utils/filter/isObject.ts":"4a4003c62ad3703aaeaf6188dbb6130445dd5b5de63ef5b3a7f0b8a8a1c238e7","src/utils/filter/isPrimitiveObject.ts":"70d91b70320c54cb3f6ccbc44adbf079f1ccae2a52a4295492f91dae9bbad93c","src/utils/filter/isPrimitiveType.ts":"5af1ca2b08c7baf98266a9e8069cca1d8437f9aaa2231aa54f81c2c6c0c816eb","src/utils/filter/isPromise.ts":"04b91760fa4ef66a8db08e36b770e76dc5f26187245af03d30086831f69d5d7e","src/utils/filter/isRegex.ts":"2a7966b9a3e9185cb23160091aaed04d7d293dd0b28f0d8c6e8de93a6af8f07a","src/utils/filter/isSharedArrayBuffer.ts":"e513387afd0f87e4ae5a31a86d6cbebf64ac95b1acb42dcb82f4010fe8cfe4af","src/utils/filter/isString.ts":"4b5f3a3a5c6bdf2ace84369b24371c64234061ea990d13fc8c1e7980142b8415","src/utils/filter/isSymbol.ts":"1515568768910ef725c6ff7609df0e8022f022b525003cb92d873eb858a31776","src/utils/filter/isTruthy.ts":"3c5a7123857ed1cee42bf04617f0a2b71a086c3385ae671e0ef26d66a22102ee","src/utils/filter/isTypedArray.ts":"60656c7797e2cedefe515490efc5a37caf802f4cc699ceda968d1e3ff0a13a02","src/utils/filter/isUndefined.ts":"96583e28e1ed2535ac9595fc6e2359493b0ac07c71472af615b1e4e8ae6be73c","src/utils/filter/isValidRegexPattern.ts":"d9b5b3dccade7b88c57d050ce6c988a30850ab34c03ef96eaa28f92612acf28b","src/utils/filter/isWeakMap.ts":"305d50546d56cd99b960ab2a612fe76249a0f2ad9c9539080b2058b1444c13a6","src/utils/filter/isWeakSet.ts":"7163359e1aa9b06098a0d5e201e71dbec9cabb08fad663e9e9e36aeeca91434a","src/utils/object/merge/utils/mergeWithOptions.ts":"1b38549e02311fca60b7adcae4499d0ada2d64bdecd753a7f713f8f8adf4700a","src/utils/object/getDataProperty.ts":"d9c4509da1ba537473289c062ae2d955fe55059d72bcd8b94f224a9f3f33bc87","src/utils/object/isReservedName.ts":"410680a65112529cf6ed201e66a2cbb81280279edc07b7af02adbfce52a8103f","src/utils/object/setDataProperty.ts":"efc47a526ead98e71583d6f6c13eed490fe0ae7c0696d97a81ed2ee4535de953"},"previous":{"src/utils/object/merge.ts":"5d189a5303c8559e3751d45bb8670a3e1c339526f90079b54d58505798857f84","src/utils/filter/isArray.ts":"fd3182a7534c6c7ab6ce0676c4c08af6b24e852b60b48f534b73bc13e1ff73cf","src/utils/filter/isPlainObject.ts":"a3b9046befbbbd0fbd9a88c42a1abb9deb0f49d2c80c2d2b7aa82ea156f9d4f7","src/utils/object/merge/utils/mergeWithOptions.ts":"43a5a94bbd57376c47acd7472ad461fc74043fccfe9be4c5cefe36a90266e2f4","src/utils/filter/index.ts":"d2726c31d3dd8a3ebc65bce7a9e5cbc3e1bac86d31f8f8cc83cf588edb14b75d","src/utils/filter/isArrayBuffer.ts":"00404b7efd06fd17fa79fe87f9a2483801b33e7c6af75818f5448ef68b70030f","src/utils/filter/isArrayIndex.ts":"a47ca00709af8e15a3c098e37bae0f90e1e11195589540c523f1a3dd371b731f","src/utils/filter/isArrayLike.ts":"8807b402763b96f3682f2b830ba5b1c9f813261d802588f4b14e086211e2c74d","src/utils/filter/isBlob.ts":"d201e5055d02bfda2b934044a52e64ea35754c425142d8a301fac486ac8853d3","src/utils/filter/isBoolean.ts":"daaa0a5552445707ff0c84e46b537de263d4b7b9a4ab87d2aa13985e69241fa5","src/utils/filter/isBuffer.ts":"de1bd50ce0f95bdf4c4a27e7abecd38702660a91c0f761fca48e20452b06885e","src/utils/filter/isCloneable.ts":"ff04b6a5e4d826bcfafdd4d44d626b42291bc76a2825ff18fd533f84fadd6c07","src/constant/typeTag.ts":"b46af08e19c9405dfe7663adc44ff4024d890b123170b9604473719e79e9c824","src/libs/getTypeTag.ts":"6e923279cc98637e8bb761080a5fa674b8a73a244668bab41386ca7279098dd2","src/utils/filter/isDataView.ts":"cf406a7761652c836ee05913c207c0f8c4a25165c730ec657e4af25300006215","src/utils/filter/isDate.ts":"4777bf22a304e42a8bbcb3e11c8249d3653bebba6504e7f2b67746c4f2e0e65e","src/utils/filter/isEmpty.ts":"a9fc0f25f6e3854393800fa9ea30d0b4fda2b9ff5d959d499c09ab77420cea0f","src/libs/hasOwnProperty.ts":"f3dc228f0e40cbd13259f5046c6d59689b4dccbe4447bebe729076a1cee26880","src/utils/filter/isFalsy.ts":"5a72428bee6db0fe7d46fd738eba58b73edc2803b0aaf30c3cca9860460a3484","src/utils/filter/isMap.ts":"6e5f47deb65ba38fbecb62dab20b1ea0a12cedca9a89e283ed89346a1cb1a570","src/utils/filter/isSet.ts":"398dc1b20e0872d6fd1064ffc01bc69596d558ab723b71824870d7aa8f39054d","src/utils/filter/isEmptyArray.ts":"c3c4be6fede32bb3b10a0ffe8d2525abe273a64a9b4e92d21322ca59b3ba3382","src/utils/filter/isEmptyObject.ts":"b55bc556b1d2b6181c6e286b1699d840fed6cda9a415a6e3954d0d0e86e598cb","src/utils/filter/isEmptyPlainObject.ts":"aa842f63cfd37cf3ee838b0f744b9e6ff92502910c2a2782c1a99b8d5da34a82","src/utils/filter/isError.ts":"94e9fd3c3c142f6d15058a3f4e2689294bed4da350caa596c82e9095ca4928f5","src/utils/filter/isFile.ts":"974a0cc3a1ab2df55cfa160e96710ca5a12d7c7d5deec38da31448e08fdc22fe","src/utils/filter/isFunction.ts":"2e7fe36111b659e0ee63d24241c4fc355d20f0b3343efc60017cf76d150bf899","src/utils/filter/isInteger.ts":"6c16e692b22b3d2b3619d7d2e99fd73123b0ac6de6d9e9fcd9f290ff5090cd9f","src/utils/filter/isNil.ts":"b3cc756169d4d1e2001d388702dd8d8cd34aae02377fc98a9ddf698464907c24","src/utils/filter/isNotNil.ts":"424442b3113305a9b2ce3240d354edc6d3c02dff8c88b091383fb89945d2a150","src/utils/filter/isNull.ts":"7daa1abead8fb7c56a13924a789061c24959b1344d2b1e1f398931951c411718","src/utils/filter/isNumber.ts":"5b5f26ebad6a30698a7d11539c6ad37fe5b4d8c1ed71442df002e9eaff126d5d","src/utils/filter/isObject.ts":"4a4003c62ad3703aaeaf6188dbb6130445dd5b5de63ef5b3a7f0b8a8a1c238e7","src/utils/filter/isPrimitiveObject.ts":"70d91b70320c54cb3f6ccbc44adbf079f1ccae2a52a4295492f91dae9bbad93c","src/utils/filter/isPrimitiveType.ts":"5af1ca2b08c7baf98266a9e8069cca1d8437f9aaa2231aa54f81c2c6c0c816eb","src/utils/filter/isPromise.ts":"04b91760fa4ef66a8db08e36b770e76dc5f26187245af03d30086831f69d5d7e","src/utils/filter/isRegex.ts":"2a7966b9a3e9185cb23160091aaed04d7d293dd0b28f0d8c6e8de93a6af8f07a","src/utils/filter/isSharedArrayBuffer.ts":"e513387afd0f87e4ae5a31a86d6cbebf64ac95b1acb42dcb82f4010fe8cfe4af","src/utils/filter/isString.ts":"4b5f3a3a5c6bdf2ace84369b24371c64234061ea990d13fc8c1e7980142b8415","src/utils/filter/isSymbol.ts":"1515568768910ef725c6ff7609df0e8022f022b525003cb92d873eb858a31776","src/utils/filter/isTruthy.ts":"3c5a7123857ed1cee42bf04617f0a2b71a086c3385ae671e0ef26d66a22102ee","src/utils/filter/isTypedArray.ts":"60656c7797e2cedefe515490efc5a37caf802f4cc699ceda968d1e3ff0a13a02","src/utils/filter/isUndefined.ts":"96583e28e1ed2535ac9595fc6e2359493b0ac07c71472af615b1e4e8ae6be73c","src/utils/filter/isValidRegexPattern.ts":"d9b5b3dccade7b88c57d050ce6c988a30850ab34c03ef96eaa28f92612acf28b","src/utils/filter/isWeakMap.ts":"305d50546d56cd99b960ab2a612fe76249a0f2ad9c9539080b2058b1444c13a6","src/utils/filter/isWeakSet.ts":"7163359e1aa9b06098a0d5e201e71dbec9cabb08fad663e9e9e36aeeca91434a","src/utils/object/getDataProperty.ts":"d9c4509da1ba537473289c062ae2d955fe55059d72bcd8b94f224a9f3f33bc87","src/utils/object/isReservedName.ts":"410680a65112529cf6ed201e66a2cbb81280279edc07b7af02adbfce52a8103f","src/utils/object/setDataProperty.ts":"efc47a526ead98e71583d6f6c13eed490fe0ae7c0696d97a81ed2ee4535de953"}}}


 ✓ src/utils/object/merge/__tests__/merge-default-performance.bench.ts > merge default primary — nested-settings-arrays 3015ms
     name                         hz     min     max    mean     p75     p99    p995    p999     rme  samples
   · before release branch  5,860.97  0.1552  6.4730  0.1706  0.1649  0.2714  0.3594  1.2894  ±1.70%     5862
   · after public wrapper   4,562.12  0.2105  0.4794  0.2192  0.2205  0.2808  0.3116  0.4314  ±0.21%     4563

 ✓ src/utils/object/merge/__tests__/merge-default-performance.bench.ts > merge default primary — medium-32-keys 3010ms
     name                         hz     min      max    mean     p75     p99    p995    p999     rme  samples
   · before release branch  7,973.30  0.1214   0.3931  0.1254  0.1262  0.1539  0.1660  0.3181  ±0.17%     7974
   · after public wrapper   4,792.77  0.1888  10.1284  0.2086  0.2013  0.4450  0.7104  1.7433  ±2.33%     4793

 ✓ src/utils/object/merge/__tests__/merge-default-performance.bench.ts > merge default primary — small-2-keys 3078ms
     name                           hz     min     max    mean     p75     p99    p995    p999     rme  samples
   · before release branch  122,869.63  0.0075  0.5925  0.0081  0.0081  0.0110  0.0155  0.0410  ±0.33%   122870
   · after public wrapper    79,438.28  0.0118  0.2584  0.0126  0.0126  0.0157  0.0208  0.0470  ±0.20%    79439

 ✓ src/utils/object/merge/__tests__/merge-default-performance.bench.ts > merge default primary — array-200-elements 3010ms
     name                         hz     min     max    mean     p75     p99    p995    p999     rme  samples
   · before release branch  1,227.30  0.7675  5.2913  0.8148  0.8099  1.0719  1.2532  3.8574  ±1.16%     1228
   · after public wrapper     748.79  1.2753  3.2240  1.3355  1.3401  1.6965  2.1730  3.2240  ±0.58%      749

 ✓ src/utils/object/merge/__tests__/merge-default-performance.bench.ts > merge default diagnostic — nested-settings-arrays 3010ms
     name                              hz     min     max    mean     p75     p99    p995    p999     rme  samples
   · previous recursive options  6,087.21  0.1552  0.7766  0.1643  0.1646  0.2142  0.2393  0.3794  ±0.26%     6088
   · direct candidate recursion  4,392.42  0.2109  6.4484  0.2277  0.2215  0.3214  0.4280  4.2357  ±2.27%     4393

 ✓ src/utils/object/merge/__tests__/merge-default-performance.bench.ts > merge default diagnostic — medium-32-keys 3009ms
     name                              hz     min     max    mean     p75     p99    p995    p999     rme  samples
   · previous recursive options  7,954.42  0.1215  0.4326  0.1257  0.1269  0.1573  0.1737  0.3227  ±0.18%     7955
   · direct candidate recursion  5,098.09  0.1876  0.4546  0.1962  0.1981  0.2380  0.2557  0.4102  ±0.18%     5099

 ✓ src/utils/object/merge/__tests__/merge-default-performance.bench.ts > merge default diagnostic — small-2-keys 3091ms
     name                                hz     min     max    mean     p75     p99    p995    p999     rme  samples
   · previous recursive options  123,838.02  0.0075  0.3086  0.0081  0.0080  0.0111  0.0140  0.0360  ±0.25%   123839
   · direct candidate recursion   79,066.96  0.0119  2.1044  0.0126  0.0126  0.0175  0.0222  0.0442  ±0.45%    79067
stdout | unknown test
{"repetition":2,"sink":758345984}


 ✓ src/utils/object/merge/__tests__/merge-default-performance.bench.ts > merge default diagnostic — array-200-elements 3011ms
     name                              hz     min     max    mean     p75     p99    p995    p999     rme  samples
   · previous recursive options  1,245.52  0.7750  1.0210  0.8029  0.8127  0.9506  0.9898  1.0110  ±0.22%     1246
   · direct candidate recursion    759.19  1.2732  2.0617  1.3172  1.3325  1.4833  1.5322  2.0617  ±0.27%      760

 BENCH  Summary

  before release branch - src/utils/object/merge/__tests__/merge-default-performance.bench.ts > merge default primary — nested-settings-arrays
    1.28x faster than after public wrapper

  before release branch - src/utils/object/merge/__tests__/merge-default-performance.bench.ts > merge default primary — medium-32-keys
    1.66x faster than after public wrapper

  before release branch - src/utils/object/merge/__tests__/merge-default-performance.bench.ts > merge default primary — small-2-keys
    1.55x faster than after public wrapper

  before release branch - src/utils/object/merge/__tests__/merge-default-performance.bench.ts > merge default primary — array-200-elements
    1.64x faster than after public wrapper

  previous recursive options - src/utils/object/merge/__tests__/merge-default-performance.bench.ts > merge default diagnostic — nested-settings-arrays
    1.39x faster than direct candidate recursion

  previous recursive options - src/utils/object/merge/__tests__/merge-default-performance.bench.ts > merge default diagnostic — medium-32-keys
    1.56x faster than direct candidate recursion

  previous recursive options - src/utils/object/merge/__tests__/merge-default-performance.bench.ts > merge default diagnostic — small-2-keys
    1.57x faster than direct candidate recursion

  previous recursive options - src/utils/object/merge/__tests__/merge-default-performance.bench.ts > merge default diagnostic — array-200-elements
    1.64x faster than direct candidate recursion

Benchmark report written to /Users/Vincent/Workspace/albatrion/packages/canard/schema-form/architecture/verification/02-foundation-and-blueprint/merge-default-paired-2.json
