Benchmarking is an experimental feature.
Breaking changes might not follow SemVer, please pin Vitest's version when using it.

 RUN  v3.2.6 /Users/Vincent/Workspace/albatrion/packages/winglet/common-utils

stdout | unknown test
{"baseline":"85fa44d49d2f4491b0d4e3f1024c5c80fbb0a558","previous":"b4083009a207ce028c315c2e77de8353a189663e","repetition":1,"seed":1369956355,"batchSize":128,"fixtures":["medium-32-keys","small-2-keys","array-200-elements","nested-settings-arrays"],"order":"after-before","sourceHashes":{"baseline":{"src/utils/object/merge.ts":"d90add12f32a3ea173b7af884a1b3f965abafd6e80c50464d4cc88b713f64e73","src/utils/filter/isArray.ts":"fd3182a7534c6c7ab6ce0676c4c08af6b24e852b60b48f534b73bc13e1ff73cf","src/utils/filter/isPlainObject.ts":"a3b9046befbbbd0fbd9a88c42a1abb9deb0f49d2c80c2d2b7aa82ea156f9d4f7"},"candidate":{"src/utils/object/merge/merge.ts":"9b16d38e6fd71a9087d1ccb116a55810c23c2d296b7472a77a407e34f18972ff","src/utils/object/merge/utils/mergeDefault.ts":"2ed845ebef5a6825846e67b7ecf6987e31a979ea24c1ca9db096d2edc5278844","src/utils/filter/index.ts":"d2726c31d3dd8a3ebc65bce7a9e5cbc3e1bac86d31f8f8cc83cf588edb14b75d","src/utils/filter/isArray.ts":"fd3182a7534c6c7ab6ce0676c4c08af6b24e852b60b48f534b73bc13e1ff73cf","src/utils/filter/isArrayBuffer.ts":"00404b7efd06fd17fa79fe87f9a2483801b33e7c6af75818f5448ef68b70030f","src/utils/filter/isArrayIndex.ts":"a47ca00709af8e15a3c098e37bae0f90e1e11195589540c523f1a3dd371b731f","src/utils/filter/isArrayLike.ts":"8807b402763b96f3682f2b830ba5b1c9f813261d802588f4b14e086211e2c74d","src/utils/filter/isBlob.ts":"d201e5055d02bfda2b934044a52e64ea35754c425142d8a301fac486ac8853d3","src/utils/filter/isBoolean.ts":"daaa0a5552445707ff0c84e46b537de263d4b7b9a4ab87d2aa13985e69241fa5","src/utils/filter/isBuffer.ts":"de1bd50ce0f95bdf4c4a27e7abecd38702660a91c0f761fca48e20452b06885e","src/utils/filter/isCloneable.ts":"ff04b6a5e4d826bcfafdd4d44d626b42291bc76a2825ff18fd533f84fadd6c07","src/constant/typeTag.ts":"b46af08e19c9405dfe7663adc44ff4024d890b123170b9604473719e79e9c824","src/libs/getTypeTag.ts":"6e923279cc98637e8bb761080a5fa674b8a73a244668bab41386ca7279098dd2","src/utils/filter/isDataView.ts":"cf406a7761652c836ee05913c207c0f8c4a25165c730ec657e4af25300006215","src/utils/filter/isDate.ts":"4777bf22a304e42a8bbcb3e11c8249d3653bebba6504e7f2b67746c4f2e0e65e","src/utils/filter/isEmpty.ts":"a9fc0f25f6e3854393800fa9ea30d0b4fda2b9ff5d959d499c09ab77420cea0f","src/libs/hasOwnProperty.ts":"f3dc228f0e40cbd13259f5046c6d59689b4dccbe4447bebe729076a1cee26880","src/utils/filter/isFalsy.ts":"5a72428bee6db0fe7d46fd738eba58b73edc2803b0aaf30c3cca9860460a3484","src/utils/filter/isMap.ts":"6e5f47deb65ba38fbecb62dab20b1ea0a12cedca9a89e283ed89346a1cb1a570","src/utils/filter/isSet.ts":"398dc1b20e0872d6fd1064ffc01bc69596d558ab723b71824870d7aa8f39054d","src/utils/filter/isEmptyArray.ts":"c3c4be6fede32bb3b10a0ffe8d2525abe273a64a9b4e92d21322ca59b3ba3382","src/utils/filter/isEmptyObject.ts":"b55bc556b1d2b6181c6e286b1699d840fed6cda9a415a6e3954d0d0e86e598cb","src/utils/filter/isEmptyPlainObject.ts":"aa842f63cfd37cf3ee838b0f744b9e6ff92502910c2a2782c1a99b8d5da34a82","src/utils/filter/isPlainObject.ts":"a3b9046befbbbd0fbd9a88c42a1abb9deb0f49d2c80c2d2b7aa82ea156f9d4f7","src/utils/filter/isError.ts":"94e9fd3c3c142f6d15058a3f4e2689294bed4da350caa596c82e9095ca4928f5","src/utils/filter/isFile.ts":"974a0cc3a1ab2df55cfa160e96710ca5a12d7c7d5deec38da31448e08fdc22fe","src/utils/filter/isFunction.ts":"2e7fe36111b659e0ee63d24241c4fc355d20f0b3343efc60017cf76d150bf899","src/utils/filter/isInteger.ts":"6c16e692b22b3d2b3619d7d2e99fd73123b0ac6de6d9e9fcd9f290ff5090cd9f","src/utils/filter/isNil.ts":"b3cc756169d4d1e2001d388702dd8d8cd34aae02377fc98a9ddf698464907c24","src/utils/filter/isNotNil.ts":"424442b3113305a9b2ce3240d354edc6d3c02dff8c88b091383fb89945d2a150","src/utils/filter/isNull.ts":"7daa1abead8fb7c56a13924a789061c24959b1344d2b1e1f398931951c411718","src/utils/filter/isNumber.ts":"5b5f26ebad6a30698a7d11539c6ad37fe5b4d8c1ed71442df002e9eaff126d5d","src/utils/filter/isObject.ts":"4a4003c62ad3703aaeaf6188dbb6130445dd5b5de63ef5b3a7f0b8a8a1c238e7","src/utils/filter/isPrimitiveObject.ts":"70d91b70320c54cb3f6ccbc44adbf079f1ccae2a52a4295492f91dae9bbad93c","src/utils/filter/isPrimitiveType.ts":"5af1ca2b08c7baf98266a9e8069cca1d8437f9aaa2231aa54f81c2c6c0c816eb","src/utils/filter/isPromise.ts":"04b91760fa4ef66a8db08e36b770e76dc5f26187245af03d30086831f69d5d7e","src/utils/filter/isRegex.ts":"2a7966b9a3e9185cb23160091aaed04d7d293dd0b28f0d8c6e8de93a6af8f07a","src/utils/filter/isSharedArrayBuffer.ts":"e513387afd0f87e4ae5a31a86d6cbebf64ac95b1acb42dcb82f4010fe8cfe4af","src/utils/filter/isString.ts":"4b5f3a3a5c6bdf2ace84369b24371c64234061ea990d13fc8c1e7980142b8415","src/utils/filter/isSymbol.ts":"1515568768910ef725c6ff7609df0e8022f022b525003cb92d873eb858a31776","src/utils/filter/isTruthy.ts":"3c5a7123857ed1cee42bf04617f0a2b71a086c3385ae671e0ef26d66a22102ee","src/utils/filter/isTypedArray.ts":"60656c7797e2cedefe515490efc5a37caf802f4cc699ceda968d1e3ff0a13a02","src/utils/filter/isUndefined.ts":"96583e28e1ed2535ac9595fc6e2359493b0ac07c71472af615b1e4e8ae6be73c","src/utils/filter/isValidRegexPattern.ts":"d9b5b3dccade7b88c57d050ce6c988a30850ab34c03ef96eaa28f92612acf28b","src/utils/filter/isWeakMap.ts":"305d50546d56cd99b960ab2a612fe76249a0f2ad9c9539080b2058b1444c13a6","src/utils/filter/isWeakSet.ts":"7163359e1aa9b06098a0d5e201e71dbec9cabb08fad663e9e9e36aeeca91434a","src/utils/object/merge/utils/mergeWithOptions.ts":"177af4821e4a1cea8df54d5306292f669b897b4c8585d21c7ffdfc0dd7d76372","src/utils/object/getDataProperty.ts":"d9c4509da1ba537473289c062ae2d955fe55059d72bcd8b94f224a9f3f33bc87","src/utils/object/isReservedName.ts":"410680a65112529cf6ed201e66a2cbb81280279edc07b7af02adbfce52a8103f","src/utils/object/setDataProperty.ts":"efc47a526ead98e71583d6f6c13eed490fe0ae7c0696d97a81ed2ee4535de953"},"previous":{"src/utils/object/merge.ts":"5d189a5303c8559e3751d45bb8670a3e1c339526f90079b54d58505798857f84","src/utils/filter/isArray.ts":"fd3182a7534c6c7ab6ce0676c4c08af6b24e852b60b48f534b73bc13e1ff73cf","src/utils/filter/isPlainObject.ts":"a3b9046befbbbd0fbd9a88c42a1abb9deb0f49d2c80c2d2b7aa82ea156f9d4f7","src/utils/object/merge/utils/mergeWithOptions.ts":"43a5a94bbd57376c47acd7472ad461fc74043fccfe9be4c5cefe36a90266e2f4","src/utils/filter/index.ts":"d2726c31d3dd8a3ebc65bce7a9e5cbc3e1bac86d31f8f8cc83cf588edb14b75d","src/utils/filter/isArrayBuffer.ts":"00404b7efd06fd17fa79fe87f9a2483801b33e7c6af75818f5448ef68b70030f","src/utils/filter/isArrayIndex.ts":"a47ca00709af8e15a3c098e37bae0f90e1e11195589540c523f1a3dd371b731f","src/utils/filter/isArrayLike.ts":"8807b402763b96f3682f2b830ba5b1c9f813261d802588f4b14e086211e2c74d","src/utils/filter/isBlob.ts":"d201e5055d02bfda2b934044a52e64ea35754c425142d8a301fac486ac8853d3","src/utils/filter/isBoolean.ts":"daaa0a5552445707ff0c84e46b537de263d4b7b9a4ab87d2aa13985e69241fa5","src/utils/filter/isBuffer.ts":"de1bd50ce0f95bdf4c4a27e7abecd38702660a91c0f761fca48e20452b06885e","src/utils/filter/isCloneable.ts":"ff04b6a5e4d826bcfafdd4d44d626b42291bc76a2825ff18fd533f84fadd6c07","src/constant/typeTag.ts":"b46af08e19c9405dfe7663adc44ff4024d890b123170b9604473719e79e9c824","src/libs/getTypeTag.ts":"6e923279cc98637e8bb761080a5fa674b8a73a244668bab41386ca7279098dd2","src/utils/filter/isDataView.ts":"cf406a7761652c836ee05913c207c0f8c4a25165c730ec657e4af25300006215","src/utils/filter/isDate.ts":"4777bf22a304e42a8bbcb3e11c8249d3653bebba6504e7f2b67746c4f2e0e65e","src/utils/filter/isEmpty.ts":"a9fc0f25f6e3854393800fa9ea30d0b4fda2b9ff5d959d499c09ab77420cea0f","src/libs/hasOwnProperty.ts":"f3dc228f0e40cbd13259f5046c6d59689b4dccbe4447bebe729076a1cee26880","src/utils/filter/isFalsy.ts":"5a72428bee6db0fe7d46fd738eba58b73edc2803b0aaf30c3cca9860460a3484","src/utils/filter/isMap.ts":"6e5f47deb65ba38fbecb62dab20b1ea0a12cedca9a89e283ed89346a1cb1a570","src/utils/filter/isSet.ts":"398dc1b20e0872d6fd1064ffc01bc69596d558ab723b71824870d7aa8f39054d","src/utils/filter/isEmptyArray.ts":"c3c4be6fede32bb3b10a0ffe8d2525abe273a64a9b4e92d21322ca59b3ba3382","src/utils/filter/isEmptyObject.ts":"b55bc556b1d2b6181c6e286b1699d840fed6cda9a415a6e3954d0d0e86e598cb","src/utils/filter/isEmptyPlainObject.ts":"aa842f63cfd37cf3ee838b0f744b9e6ff92502910c2a2782c1a99b8d5da34a82","src/utils/filter/isError.ts":"94e9fd3c3c142f6d15058a3f4e2689294bed4da350caa596c82e9095ca4928f5","src/utils/filter/isFile.ts":"974a0cc3a1ab2df55cfa160e96710ca5a12d7c7d5deec38da31448e08fdc22fe","src/utils/filter/isFunction.ts":"2e7fe36111b659e0ee63d24241c4fc355d20f0b3343efc60017cf76d150bf899","src/utils/filter/isInteger.ts":"6c16e692b22b3d2b3619d7d2e99fd73123b0ac6de6d9e9fcd9f290ff5090cd9f","src/utils/filter/isNil.ts":"b3cc756169d4d1e2001d388702dd8d8cd34aae02377fc98a9ddf698464907c24","src/utils/filter/isNotNil.ts":"424442b3113305a9b2ce3240d354edc6d3c02dff8c88b091383fb89945d2a150","src/utils/filter/isNull.ts":"7daa1abead8fb7c56a13924a789061c24959b1344d2b1e1f398931951c411718","src/utils/filter/isNumber.ts":"5b5f26ebad6a30698a7d11539c6ad37fe5b4d8c1ed71442df002e9eaff126d5d","src/utils/filter/isObject.ts":"4a4003c62ad3703aaeaf6188dbb6130445dd5b5de63ef5b3a7f0b8a8a1c238e7","src/utils/filter/isPrimitiveObject.ts":"70d91b70320c54cb3f6ccbc44adbf079f1ccae2a52a4295492f91dae9bbad93c","src/utils/filter/isPrimitiveType.ts":"5af1ca2b08c7baf98266a9e8069cca1d8437f9aaa2231aa54f81c2c6c0c816eb","src/utils/filter/isPromise.ts":"04b91760fa4ef66a8db08e36b770e76dc5f26187245af03d30086831f69d5d7e","src/utils/filter/isRegex.ts":"2a7966b9a3e9185cb23160091aaed04d7d293dd0b28f0d8c6e8de93a6af8f07a","src/utils/filter/isSharedArrayBuffer.ts":"e513387afd0f87e4ae5a31a86d6cbebf64ac95b1acb42dcb82f4010fe8cfe4af","src/utils/filter/isString.ts":"4b5f3a3a5c6bdf2ace84369b24371c64234061ea990d13fc8c1e7980142b8415","src/utils/filter/isSymbol.ts":"1515568768910ef725c6ff7609df0e8022f022b525003cb92d873eb858a31776","src/utils/filter/isTruthy.ts":"3c5a7123857ed1cee42bf04617f0a2b71a086c3385ae671e0ef26d66a22102ee","src/utils/filter/isTypedArray.ts":"60656c7797e2cedefe515490efc5a37caf802f4cc699ceda968d1e3ff0a13a02","src/utils/filter/isUndefined.ts":"96583e28e1ed2535ac9595fc6e2359493b0ac07c71472af615b1e4e8ae6be73c","src/utils/filter/isValidRegexPattern.ts":"d9b5b3dccade7b88c57d050ce6c988a30850ab34c03ef96eaa28f92612acf28b","src/utils/filter/isWeakMap.ts":"305d50546d56cd99b960ab2a612fe76249a0f2ad9c9539080b2058b1444c13a6","src/utils/filter/isWeakSet.ts":"7163359e1aa9b06098a0d5e201e71dbec9cabb08fad663e9e9e36aeeca91434a","src/utils/object/getDataProperty.ts":"d9c4509da1ba537473289c062ae2d955fe55059d72bcd8b94f224a9f3f33bc87","src/utils/object/isReservedName.ts":"410680a65112529cf6ed201e66a2cbb81280279edc07b7af02adbfce52a8103f","src/utils/object/setDataProperty.ts":"efc47a526ead98e71583d6f6c13eed490fe0ae7c0696d97a81ed2ee4535de953"}}}


 ✓ src/utils/object/merge/__tests__/merge-default-performance.bench.ts > merge default primary — medium-32-keys 3016ms
     name                         hz     min     max    mean     p75     p99    p995    p999     rme  samples
   · after public wrapper   8,169.37  0.1160  2.3602  0.1224  0.1231  0.1510  0.1649  0.3308  ±0.49%     8170
   · before release branch  8,057.66  0.1178  0.4956  0.1241  0.1250  0.1544  0.1690  0.3167  ±0.19%     8058

 ✓ src/utils/object/merge/__tests__/merge-default-performance.bench.ts > merge default primary — small-2-keys 3105ms
     name                           hz     min     max    mean     p75     p99    p995    p999     rme  samples
   · after public wrapper   125,135.70  0.0075  0.3127  0.0080  0.0080  0.0107  0.0132  0.0323  ±0.24%   125136
   · before release branch  124,500.39  0.0075  0.2322  0.0080  0.0080  0.0108  0.0130  0.0329  ±0.23%   124501

 ✓ src/utils/object/merge/__tests__/merge-default-performance.bench.ts > merge default primary — array-200-elements 3009ms
     name                         hz     min     max    mean     p75     p99    p995    p999     rme  samples
   · after public wrapper   1,268.32  0.7670  1.0259  0.7884  0.7934  0.9515  0.9787  1.0021  ±0.20%     1269
   · before release branch  1,261.62  0.7675  1.1169  0.7926  0.8001  0.9661  1.0037  1.0622  ±0.23%     1262

 ✓ src/utils/object/merge/__tests__/merge-default-performance.bench.ts > merge default primary — nested-settings-arrays 3009ms
     name                         hz     min     max    mean     p75     p99    p995    p999     rme  samples
   · after public wrapper   6,151.80  0.1549  0.4749  0.1626  0.1627  0.2171  0.2719  0.3710  ±0.26%     6152
   · before release branch  6,139.47  0.1564  0.4370  0.1629  0.1630  0.2079  0.2320  0.3568  ±0.22%     6140

 ✓ src/utils/object/merge/__tests__/merge-default-performance.bench.ts > merge default diagnostic — medium-32-keys 3011ms
     name                              hz     min     max    mean     p75     p99    p995    p999     rme  samples
   · previous recursive options  7,915.27  0.1200  2.5670  0.1263  0.1255  0.1668  0.3038  0.4794  ±0.90%     7916
   · direct candidate recursion  8,195.70  0.1181  0.3835  0.1220  0.1228  0.1532  0.1688  0.3006  ±0.18%     8196

 ✓ src/utils/object/merge/__tests__/merge-default-performance.bench.ts > merge default diagnostic — small-2-keys 3093ms
     name                                hz     min     max    mean     p75     p99    p995    p999     rme  samples
   · previous recursive options  124,482.89  0.0075  0.2400  0.0080  0.0080  0.0101  0.0135  0.0325  ±0.22%   124483
   · direct candidate recursion  124,906.18  0.0075  0.2289  0.0080  0.0080  0.0091  0.0120  0.0299  ±0.23%   124907

 ✓ src/utils/object/merge/__tests__/merge-default-performance.bench.ts > merge default diagnostic — array-200-elements 3009ms
     name                              hz     min     max    mean     p75     p99    p995    p999     rme  samples
   · previous recursive options  1,264.33  0.7669  1.1263  0.7909  0.7993  0.9682  0.9800  1.0474  ±0.22%     1265
   · direct candidate recursion  1,264.21  0.7671  1.0184  0.7910  0.7990  0.9510  0.9733  1.0177  ±0.21%     1265
stdout | unknown test
{"repetition":1,"sink":940704896}


 ✓ src/utils/object/merge/__tests__/merge-default-performance.bench.ts > merge default diagnostic — nested-settings-arrays 3010ms
     name                              hz     min     max    mean     p75     p99    p995    p999     rme  samples
   · previous recursive options  6,158.58  0.1564  0.4062  0.1624  0.1626  0.2111  0.2416  0.3578  ±0.22%     6159
   · direct candidate recursion  6,218.99  0.1548  0.3921  0.1608  0.1608  0.2087  0.2584  0.3707  ±0.23%     6219

 BENCH  Summary

  after public wrapper - src/utils/object/merge/__tests__/merge-default-performance.bench.ts > merge default primary — medium-32-keys
    1.01x faster than before release branch

  after public wrapper - src/utils/object/merge/__tests__/merge-default-performance.bench.ts > merge default primary — small-2-keys
    1.01x faster than before release branch

  after public wrapper - src/utils/object/merge/__tests__/merge-default-performance.bench.ts > merge default primary — array-200-elements
    1.01x faster than before release branch

  after public wrapper - src/utils/object/merge/__tests__/merge-default-performance.bench.ts > merge default primary — nested-settings-arrays
    1.00x faster than before release branch

  direct candidate recursion - src/utils/object/merge/__tests__/merge-default-performance.bench.ts > merge default diagnostic — medium-32-keys
    1.04x faster than previous recursive options

  direct candidate recursion - src/utils/object/merge/__tests__/merge-default-performance.bench.ts > merge default diagnostic — small-2-keys
    1.00x faster than previous recursive options

  previous recursive options - src/utils/object/merge/__tests__/merge-default-performance.bench.ts > merge default diagnostic — array-200-elements
    1.00x faster than direct candidate recursion

  direct candidate recursion - src/utils/object/merge/__tests__/merge-default-performance.bench.ts > merge default diagnostic — nested-settings-arrays
    1.01x faster than previous recursive options

Benchmark report written to /Users/Vincent/Workspace/albatrion/packages/canard/schema-form/architecture/verification/02-foundation-and-blueprint/merge-default-final-1.json
