(node:94051) [DEP0205] DeprecationWarning: `module.register()` is deprecated. Use `module.registerHooks()` instead.
(Use `node --trace-deprecation ...` to show where the warning was created)
│
▲  No story files found for the specified pattern:
│  stories/**/*.story.@(js|jsx|mjs|ts|tsx)
│
▲  No story files found for the specified pattern: src/**/*.mdx
│
▲  No story files found for the specified pattern:
│  src/**/*.story.@(js|jsx|mjs|ts|tsx)
│
▲  No story files found for the specified pattern:
│  src/**/*.stories.@(js|jsx|mjs|ts|tsx)
│ ┌────────────────────────────────────────────────────────────────────────────┐
│ │  Info: Found a setup file with "setProjectAnnotations".                    │
│ │  Skipping automatic provisioning of preview annotations to avoid           │
│ │  conflicts. Since Storybook 10.3, "@storybook/addon-vitest" applies these  │
│ │   automatically.                                                           │
│ │  You can safely remove the "setProjectAnnotations" call from your setup    │
│ │  file, or remove the file entirely if you don't have custom code there.    │
│ └────────────────────────────────────────────────────────────────────────────┘

 RUN  v3.2.6 /Users/Vincent/Workspace/albatrion/packages/canard/schema-form

 ✓ |storybook (chromium)| stories/07.FormRefHandle.stories.tsx (11 tests) 549ms

 Test Files  1 passed (1)
      Tests  11 passed (11)
   Start at  10:52:09
   Duration  2.24s (transform 0ms, setup 357ms, collect 540ms, tests 549ms, environment 0ms, prepare 2.36s)

